// Jest Snapshot v1, https://goo.gl/fbAQLP

exports[`<InventoryScreen /> matches last snapshot 1`] = `
<View>
  <View
    style={
      Object {
        "alignItems": "center",
        "backgroundColor": "white",
        "flexDirection": "row",
        "height": 100,
        "justifyContent": "space-between",
        "width": "100%",
      }
    }
  >
    <View
      accessible={true}
      focusable={true}
      onClick={[Function]}
      onResponderGrant={[Function]}
      onResponderMove={[Function]}
      onResponderRelease={[Function]}
      onResponderTerminate={[Function]}
      onResponderTerminationRequest={[Function]}
      onStartShouldSetResponder={[Function]}
      style={
        Object {
          "marginLeft": 15,
          "opacity": 1,
        }
      }
      testID="back-button"
    >
      <Text />
    </View>
    <Text
      style={
        Object {
          "flex": 3,
          "fontFamily": "ReemKufi_400Regular",
          "fontSize": 19,
          "textAlign": "center",
        }
      }
    >
      Inventory Listing
    </Text>
    <View
      style={
        Object {
          "flex": 1,
        }
      }
    >
      <View
        accessible={true}
        focusable={true}
        onClick={[Function]}
        onResponderGrant={[Function]}
        onResponderMove={[Function]}
        onResponderRelease={[Function]}
        onResponderTerminate={[Function]}
        onResponderTerminationRequest={[Function]}
        onStartShouldSetResponder={[Function]}
        style={
          Object {
            "backgroundColor": "white",
            "borderRadius": 30,
            "elevation": 12,
            "height": 60,
            "justifyContent": "center",
            "opacity": 1,
            "position": "absolute",
            "shadowColor": "#000",
            "shadowOffset": Object {
              "height": 2,
              "width": 0,
            },
            "shadowOpacity": 0.25,
            "shadowRadius": 3.84,
            "width": 60,
            "zIndex": 10,
          }
        }
      >
        <Text />
      </View>
    </View>
  </View>
  <RCTScrollView>
    <View>
      <View
        style={
          Object {
            "alignSelf": "center",
            "flexDirection": "row",
            "flexWrap": "wrap",
            "justifyContent": "space-between",
            "marginBottom": 120,
            "minHeight": 200,
            "width": "90%",
          }
        }
      />
    </View>
  </RCTScrollView>
  <View
    accessible={true}
    focusable={true}
    onClick={[Function]}
    onResponderGrant={[Function]}
    onResponderMove={[Function]}
    onResponderRelease={[Function]}
    onResponderTerminate={[Function]}
    onResponderTerminationRequest={[Function]}
    onStartShouldSetResponder={[Function]}
    style={
      Object {
        "alignItems": "center",
        "backgroundColor": "blue",
        "borderRadius": 30,
        "height": 60,
        "justifyContent": "center",
        "opacity": 1,
        "position": "absolute",
        "right": 20,
        "top": 400,
        "width": 60,
        "zIndex": 400,
      }
    }
  >
    <Text />
  </View>
</View>
`;
